---
source: src/rds/tests.rs
expression: data
---
Sexp {
    kind: Closure(
        Closure {
            formals: [
                Formal {
                    name: Sym {
                        data: "a",
                    },
                    value: Sexp {
                        kind: MissingArg,
                        metadata: MetaData {
                            attr: None,
                        },
                    },
                },
                Formal {
                    name: Sym {
                        data: "b",
                    },
                    value: Sexp {
                        kind: Real(
                            [
                                0.0,
                            ],
                        ),
                        metadata: MetaData {
                            attr: None,
                        },
                    },
                },
            ],
            body: Sexp {
                kind: Bc(
                    Bc {
                        instructions: [
                            12,
                            123,
                            1,
                            13,
                            26,
                            2,
                            20,
                            3,
                            33,
                            34,
                            4,
                            39,
                            1,
                            22,
                            5,
                            4,
                            20,
                            5,
                            110,
                            7,
                            25,
                            92,
                            8,
                            106,
                            7,
                            1,
                        ],
                        constpool: [
                            Sexp {
                                kind: Lang(
                                    Lang {
                                        target: Sym(
                                            Sym {
                                                data: "{",
                                            },
                                        ),
                                        args: [
                                            TaggedSexp {
                                                tag: None,
                                                data: Sexp {
                                                    kind: Lang(
                                                        Lang {
                                                            target: Sym(
                                                                Sym {
                                                                    data: "<-",
                                                                },
                                                            ),
                                                            args: [
                                                                TaggedSexp {
                                                                    tag: None,
                                                                    data: Sexp {
                                                                        kind: Sym(
                                                                            Sym {
                                                                                data: "x",
                                                                            },
                                                                        ),
                                                                        metadata: MetaData {
                                                                            attr: None,
                                                                        },
                                                                    },
                                                                },
                                                                TaggedSexp {
                                                                    tag: None,
                                                                    data: Sexp {
                                                                        kind: Lang(
                                                                            Lang {
                                                                                target: Sym(
                                                                                    Sym {
                                                                                        data: "c",
                                                                                    },
                                                                                ),
                                                                                args: [
                                                                                    TaggedSexp {
                                                                                        tag: None,
                                                                                        data: Sexp {
                                                                                            kind: Sym(
                                                                                                Sym {
                                                                                                    data: "a",
                                                                                                },
                                                                                            ),
                                                                                            metadata: MetaData {
                                                                                                attr: None,
                                                                                            },
                                                                                        },
                                                                                    },
                                                                                    TaggedSexp {
                                                                                        tag: None,
                                                                                        data: Sexp {
                                                                                            kind: Real(
                                                                                                [
                                                                                                    1.0,
                                                                                                ],
                                                                                            ),
                                                                                            metadata: MetaData {
                                                                                                attr: None,
                                                                                            },
                                                                                        },
                                                                                    },
                                                                                ],
                                                                            },
                                                                        ),
                                                                        metadata: MetaData {
                                                                            attr: None,
                                                                        },
                                                                    },
                                                                },
                                                            ],
                                                        },
                                                    ),
                                                    metadata: MetaData {
                                                        attr: None,
                                                    },
                                                },
                                            },
                                            TaggedSexp {
                                                tag: None,
                                                data: Sexp {
                                                    kind: Lang(
                                                        Lang {
                                                            target: Sym(
                                                                Sym {
                                                                    data: "[[",
                                                                },
                                                            ),
                                                            args: [
                                                                TaggedSexp {
                                                                    tag: None,
                                                                    data: Sexp {
                                                                        kind: Sym(
                                                                            Sym {
                                                                                data: "x",
                                                                            },
                                                                        ),
                                                                        metadata: MetaData {
                                                                            attr: None,
                                                                        },
                                                                    },
                                                                },
                                                                TaggedSexp {
                                                                    tag: None,
                                                                    data: Sexp {
                                                                        kind: Sym(
                                                                            Sym {
                                                                                data: "b",
                                                                            },
                                                                        ),
                                                                        metadata: MetaData {
                                                                            attr: None,
                                                                        },
                                                                    },
                                                                },
                                                            ],
                                                        },
                                                    ),
                                                    metadata: MetaData {
                                                        attr: None,
                                                    },
                                                },
                                            },
                                        ],
                                    },
                                ),
                                metadata: MetaData {
                                    attr: None,
                                },
                            },
                            Sexp {
                                kind: Lang(
                                    Lang {
                                        target: Sym(
                                            Sym {
                                                data: "c",
                                            },
                                        ),
                                        args: [
                                            TaggedSexp {
                                                tag: None,
                                                data: Sexp {
                                                    kind: Sym(
                                                        Sym {
                                                            data: "a",
                                                        },
                                                    ),
                                                    metadata: MetaData {
                                                        attr: None,
                                                    },
                                                },
                                            },
                                            TaggedSexp {
                                                tag: None,
                                                data: Sexp {
                                                    kind: Real(
                                                        [
                                                            1.0,
                                                        ],
                                                    ),
                                                    metadata: MetaData {
                                                        attr: None,
                                                    },
                                                },
                                            },
                                        ],
                                    },
                                ),
                                metadata: MetaData {
                                    attr: None,
                                },
                            },
                            Sexp {
                                kind: Sym(
                                    Sym {
                                        data: "c",
                                    },
                                ),
                                metadata: MetaData {
                                    attr: None,
                                },
                            },
                            Sexp {
                                kind: Sym(
                                    Sym {
                                        data: "a",
                                    },
                                ),
                                metadata: MetaData {
                                    attr: None,
                                },
                            },
                            Sexp {
                                kind: Real(
                                    [
                                        1.0,
                                    ],
                                ),
                                metadata: MetaData {
                                    attr: None,
                                },
                            },
                            Sexp {
                                kind: Sym(
                                    Sym {
                                        data: "x",
                                    },
                                ),
                                metadata: MetaData {
                                    attr: None,
                                },
                            },
                            Sexp {
                                kind: Lang(
                                    Lang {
                                        target: Sym(
                                            Sym {
                                                data: "<-",
                                            },
                                        ),
                                        args: [
                                            TaggedSexp {
                                                tag: None,
                                                data: Sexp {
                                                    kind: Sym(
                                                        Sym {
                                                            data: "x",
                                                        },
                                                    ),
                                                    metadata: MetaData {
                                                        attr: None,
                                                    },
                                                },
                                            },
                                            TaggedSexp {
                                                tag: None,
                                                data: Sexp {
                                                    kind: Lang(
                                                        Lang {
                                                            target: Sym(
                                                                Sym {
                                                                    data: "c",
                                                                },
                                                            ),
                                                            args: [
                                                                TaggedSexp {
                                                                    tag: None,
                                                                    data: Sexp {
                                                                        kind: Sym(
                                                                            Sym {
                                                                                data: "a",
                                                                            },
                                                                        ),
                                                                        metadata: MetaData {
                                                                            attr: None,
                                                                        },
                                                                    },
                                                                },
                                                                TaggedSexp {
                                                                    tag: None,
                                                                    data: Sexp {
                                                                        kind: Real(
                                                                            [
                                                                                1.0,
                                                                            ],
                                                                        ),
                                                                        metadata: MetaData {
                                                                            attr: None,
                                                                        },
                                                                    },
                                                                },
                                                            ],
                                                        },
                                                    ),
                                                    metadata: MetaData {
                                                        attr: None,
                                                    },
                                                },
                                            },
                                        ],
                                    },
                                ),
                                metadata: MetaData {
                                    attr: None,
                                },
                            },
                            Sexp {
                                kind: Lang(
                                    Lang {
                                        target: Sym(
                                            Sym {
                                                data: "[[",
                                            },
                                        ),
                                        args: [
                                            TaggedSexp {
                                                tag: None,
                                                data: Sexp {
                                                    kind: Sym(
                                                        Sym {
                                                            data: "x",
                                                        },
                                                    ),
                                                    metadata: MetaData {
                                                        attr: None,
                                                    },
                                                },
                                            },
                                            TaggedSexp {
                                                tag: None,
                                                data: Sexp {
                                                    kind: Sym(
                                                        Sym {
                                                            data: "b",
                                                        },
                                                    ),
                                                    metadata: MetaData {
                                                        attr: None,
                                                    },
                                                },
                                            },
                                        ],
                                    },
                                ),
                                metadata: MetaData {
                                    attr: None,
                                },
                            },
                            Sexp {
                                kind: Sym(
                                    Sym {
                                        data: "b",
                                    },
                                ),
                                metadata: MetaData {
                                    attr: None,
                                },
                            },
                            Sexp {
                                kind: Int(
                                    [
                                        -2147483648,
                                        1,
                                        1,
                                        1,
                                        1,
                                        1,
                                        1,
                                        1,
                                        1,
                                        1,
                                        1,
                                        1,
                                        1,
                                        6,
                                        6,
                                        6,
                                        5,
                                        5,
                                        7,
                                        7,
                                        7,
                                        8,
                                        8,
                                        7,
                                        7,
                                        7,
                                    ],
                                ),
                                metadata: MetaData {
                                    attr: Some(
                                        Sexp {
                                            kind: List(
                                                [
                                                    TaggedSexp {
                                                        tag: Some(
                                                            "class",
                                                        ),
                                                        data: Sexp {
                                                            kind: Str(
                                                                [
                                                                    "expressionsIndex",
                                                                ],
                                                            ),
                                                            metadata: MetaData {
                                                                attr: None,
                                                            },
                                                        },
                                                    },
                                                ],
                                            ),
                                            metadata: MetaData {
                                                attr: None,
                                            },
                                        },
                                    ),
                                },
                            },
                        ],
                    },
                ),
                metadata: MetaData {
                    attr: None,
                },
            },
            environment: Global,
        },
    ),
    metadata: MetaData {
        attr: None,
    },
}
