---
source: src/rds/rds_reader.rs
expression: res
---
Sexp {
    kind: Vec(
        [
            Sexp {
                kind: Real(
                    [
                        1.0,
                    ],
                ),
                metadata: MetaData {
                    attr: None,
                },
            },
            Sexp {
                kind: Real(
                    [
                        2.0,
                    ],
                ),
                metadata: MetaData {
                    attr: None,
                },
            },
        ],
    ),
    metadata: MetaData {
        attr: None,
    },
}
