---
source: src/rds/tests.rs
expression: data
---
Sexp {
    kind: Closure(
        Closure {
            formals: [
                Formal {
                    name: Sym {
                        data: "x",
                    },
                    value: Sexp {
                        kind: MissingArg,
                        metadata: MetaData { attr: None },
                    },
                },
            ],
            body: Sexp {
                kind: Bc(
                    Bc {
                        instructions: [
                            12,
                            23,
                            1,
                            29,
                            3,
                            38,
                            2,
                            4,
                            23,
                            4,
                            29,
                            6,
                            38,
                            5,
                            1,
                        ],
                        constpool: [
                            Sexp {
                                kind: Lang(
                                    Lang {
                                        target: Sym(
                                            Sym {
                                                data: "{",
                                            },
                                        ),
                                        args: [
                                            TaggedSexp {
                                                tag: None,
                                                data: Sexp {
                                                    kind: Lang(
                                                        Lang {
                                                            target: Sym(
                                                                Sym {
                                                                    data: "g",
                                                                },
                                                            ),
                                                            args: [
                                                                TaggedSexp {
                                                                    tag: None,
                                                                    data: Sexp {
                                                                        kind: Sym(
                                                                            Sym {
                                                                                data: "x",
                                                                            },
                                                                        ),
                                                                        metadata: MetaData { attr: None },
                                                                    },
                                                                },
                                                            ],
                                                        },
                                                    ),
                                                    metadata: MetaData { attr: None },
                                                },
                                            },
                                            TaggedSexp {
                                                tag: None,
                                                data: Sexp {
                                                    kind: Lang(
                                                        Lang {
                                                            target: Sym(
                                                                Sym {
                                                                    data: "f",
                                                                },
                                                            ),
                                                            args: [
                                                                TaggedSexp {
                                                                    tag: None,
                                                                    data: Sexp {
                                                                        kind: Sym(
                                                                            Sym {
                                                                                data: "x",
                                                                            },
                                                                        ),
                                                                        metadata: MetaData { attr: None },
                                                                    },
                                                                },
                                                            ],
                                                        },
                                                    ),
                                                    metadata: MetaData { attr: None },
                                                },
                                            },
                                        ],
                                    },
                                ),
                                metadata: MetaData { attr: None },
                            },
                            Sexp {
                                kind: Sym(
                                    Sym {
                                        data: "g",
                                    },
                                ),
                                metadata: MetaData { attr: None },
                            },
                            Sexp {
                                kind: Lang(
                                    Lang {
                                        target: Sym(
                                            Sym {
                                                data: "g",
                                            },
                                        ),
                                        args: [
                                            TaggedSexp {
                                                tag: None,
                                                data: Sexp {
                                                    kind: Sym(
                                                        Sym {
                                                            data: "x",
                                                        },
                                                    ),
                                                    metadata: MetaData { attr: None },
                                                },
                                            },
                                        ],
                                    },
                                ),
                                metadata: MetaData { attr: None },
                            },
                            Sexp {
                                kind: Bc(
                                    Bc {
                                        instructions: [
                                            12,
                                            20,
                                            0,
                                            1,
                                        ],
                                        constpool: [
                                            Sexp {
                                                kind: Sym(
                                                    Sym {
                                                        data: "x",
                                                    },
                                                ),
                                                metadata: MetaData { attr: None },
                                            },
                                            Sexp {
                                                kind: Lang(
                                                    Lang {
                                                        target: Sym(
                                                            Sym {
                                                                data: "g",
                                                            },
                                                        ),
                                                        args: [
                                                            TaggedSexp {
                                                                tag: None,
                                                                data: Sexp {
                                                                    kind: Sym(
                                                                        Sym {
                                                                            data: "x",
                                                                        },
                                                                    ),
                                                                    metadata: MetaData { attr: None },
                                                                },
                                                            },
                                                        ],
                                                    },
                                                ),
                                                metadata: MetaData { attr: None },
                                            },
                                            Sexp {
                                                kind: Int(
                                                    [
                                                        -2147483648,
                                                        1,
                                                        1,
                                                        1,
                                                    ],
                                                ),
                                                metadata: MetaData { attr: Some(
                                                    Sexp {
                                                        kind: List(
                                                            [
                                                                TaggedSexp {
                                                                    tag: Some(
                                                                        Sym {
                                                                            data: "class",
                                                                        },
                                                                    ),
                                                                    data: Sexp {
                                                                        kind: Str(
                                                                            [
                                                                                "expressionsIndex",
                                                                            ],
                                                                        ),
                                                                        metadata: MetaData { attr: None },
                                                                    },
                                                                },
                                                            ],
                                                        ),
                                                        metadata: MetaData { attr: None },
                                                    },
                                                ) },
                                            },
                                        ],
                                    },
                                ),
                                metadata: MetaData { attr: None },
                            },
                            Sexp {
                                kind: Sym(
                                    Sym {
                                        data: "f",
                                    },
                                ),
                                metadata: MetaData { attr: None },
                            },
                            Sexp {
                                kind: Lang(
                                    Lang {
                                        target: Sym(
                                            Sym {
                                                data: "f",
                                            },
                                        ),
                                        args: [
                                            TaggedSexp {
                                                tag: None,
                                                data: Sexp {
                                                    kind: Sym(
                                                        Sym {
                                                            data: "x",
                                                        },
                                                    ),
                                                    metadata: MetaData { attr: None },
                                                },
                                            },
                                        ],
                                    },
                                ),
                                metadata: MetaData { attr: None },
                            },
                            Sexp {
                                kind: Bc(
                                    Bc {
                                        instructions: [
                                            12,
                                            20,
                                            0,
                                            1,
                                        ],
                                        constpool: [
                                            Sexp {
                                                kind: Sym(
                                                    Sym {
                                                        data: "x",
                                                    },
                                                ),
                                                metadata: MetaData { attr: None },
                                            },
                                            Sexp {
                                                kind: Lang(
                                                    Lang {
                                                        target: Sym(
                                                            Sym {
                                                                data: "f",
                                                            },
                                                        ),
                                                        args: [
                                                            TaggedSexp {
                                                                tag: None,
                                                                data: Sexp {
                                                                    kind: Sym(
                                                                        Sym {
                                                                            data: "x",
                                                                        },
                                                                    ),
                                                                    metadata: MetaData { attr: None },
                                                                },
                                                            },
                                                        ],
                                                    },
                                                ),
                                                metadata: MetaData { attr: None },
                                            },
                                            Sexp {
                                                kind: Int(
                                                    [
                                                        -2147483648,
                                                        1,
                                                        1,
                                                        1,
                                                    ],
                                                ),
                                                metadata: MetaData { attr: Some(
                                                    Sexp {
                                                        kind: List(
                                                            [
                                                                TaggedSexp {
                                                                    tag: Some(
                                                                        Sym {
                                                                            data: "class",
                                                                        },
                                                                    ),
                                                                    data: Sexp {
                                                                        kind: Str(
                                                                            [
                                                                                "expressionsIndex",
                                                                            ],
                                                                        ),
                                                                        metadata: MetaData { attr: None },
                                                                    },
                                                                },
                                                            ],
                                                        ),
                                                        metadata: MetaData { attr: None },
                                                    },
                                                ) },
                                            },
                                        ],
                                    },
                                ),
                                metadata: MetaData { attr: None },
                            },
                            Sexp {
                                kind: Int(
                                    [
                                        -2147483648,
                                        2,
                                        2,
                                        2,
                                        2,
                                        2,
                                        2,
                                        2,
                                        5,
                                        5,
                                        5,
                                        5,
                                        5,
                                        5,
                                        5,
                                    ],
                                ),
                                metadata: MetaData { attr: Some(
                                    Sexp {
                                        kind: List(
                                            [
                                                TaggedSexp {
                                                    tag: Some(
                                                        Sym {
                                                            data: "class",
                                                        },
                                                    ),
                                                    data: Sexp {
                                                        kind: Str(
                                                            [
                                                                "expressionsIndex",
                                                            ],
                                                        ),
                                                        metadata: MetaData { attr: None },
                                                    },
                                                },
                                            ],
                                        ),
                                        metadata: MetaData { attr: None },
                                    },
                                ) },
                            },
                        ],
                    },
                ),
                metadata: MetaData { attr: None },
            },
            environment: Global,
        },
    ),
    metadata: MetaData { attr: None },
}
