---
source: src/compiler/compiler.rs
expression: compiler.warnings
---
[
    VariableDoesNotExist(
        "nc",
    ),
    VariableDoesNotExist(
        "nc",
    ),
    VariableDoesNotExist(
        "nc",
    ),
    VariableDoesNotExist(
        "rval",
    ),
    VariableDoesNotExist(
        "i",
    ),
    VariableDoesNotExist(
        "i",
    ),
    VariableDoesNotExist(
        "rval",
    ),
    VariableDoesNotExist(
        "NROW",
    ),
    VariableDoesNotExist(
        "lens",
    ),
    VariableDoesNotExist(
        "nr",
    ),
    VariableDoesNotExist(
        "nc",
    ),
    VariableDoesNotExist(
        "rval",
    ),
    VariableDoesNotExist(
        "i",
    ),
    VariableDoesNotExist(
        "len",
    ),
    VariableDoesNotExist(
        "nr",
    ),
    VariableDoesNotExist(
        "rval",
    ),
    VariableDoesNotExist(
        "i",
    ),
    VariableDoesNotExist(
        "rval",
    ),
    VariableDoesNotExist(
        "len",
    ),
    VariableDoesNotExist(
        "nr",
    ),
    VariableDoesNotExist(
        "rval",
    ),
    VariableDoesNotExist(
        "i",
    ),
    VariableDoesNotExist(
        "nr",
    ),
    VariableDoesNotExist(
        "len",
    ),
    VariableDoesNotExist(
        "rval",
    ),
    VariableDoesNotExist(
        "i",
    ),
    VariableDoesNotExist(
        "rval",
    ),
    VariableDoesNotExist(
        "i",
    ),
    VariableDoesNotExist(
        "nr",
    ),
    VariableDoesNotExist(
        "i",
    ),
    VariableDoesNotExist(
        "rval",
    ),
    VariableDoesNotExist(
        "len",
    ),
    VariableDoesNotExist(
        "nr",
    ),
    VariableDoesNotExist(
        "rval",
    ),
    VariableDoesNotExist(
        "i",
    ),
    VariableDoesNotExist(
        "nr",
    ),
    VariableDoesNotExist(
        "len",
    ),
    VariableDoesNotExist(
        "rval",
    ),
    VariableDoesNotExist(
        "i",
    ),
    VariableDoesNotExist(
        "nr",
    ),
    VariableDoesNotExist(
        "i",
    ),
    VariableDoesNotExist(
        "nc",
    ),
    VariableDoesNotExist(
        "rval",
    ),
    VariableDoesNotExist(
        "i",
    ),
    VariableDoesNotExist(
        "rval",
    ),
    VariableDoesNotExist(
        "i",
    ),
    VariableDoesNotExist(
        "rval",
    ),
    VariableDoesNotExist(
        "i",
    ),
    VariableDoesNotExist(
        "i",
    ),
    VariableDoesNotExist(
        "rval",
    ),
    VariableDoesNotExist(
        "nr",
    ),
    VariableDoesNotExist(
        "y",
    ),
    VariableDoesNotExist(
        "y",
    ),
]
