---
source: src/compiler/compiler.rs
expression: compiler.warnings
---
[
    VariableDoesNotExist(
        "d",
    ),
    VariableDoesNotExist(
        "rn",
    ),
    VariableDoesNotExist(
        "i",
    ),
    VariableDoesNotExist(
        "d",
    ),
    VariableDoesNotExist(
        "xi",
    ),
    VariableDoesNotExist(
        "i",
    ),
    VariableDoesNotExist(
        "xi",
    ),
    VariableDoesNotExist(
        "xi",
    ),
    VariableDoesNotExist(
        "xi",
    ),
    VariableDoesNotExist(
        "xi",
    ),
    VariableDoesNotExist(
        "i",
    ),
    VariableDoesNotExist(
        "xi",
    ),
    VariableDoesNotExist(
        "xi",
    ),
    VariableDoesNotExist(
        "i",
    ),
    VariableDoesNotExist(
        "xi",
    ),
    VariableDoesNotExist(
        "i",
    ),
    VariableDoesNotExist(
        "xi",
    ),
    VariableDoesNotExist(
        "methods",
    ),
    VariableDoesNotExist(
        "as",
    ),
    VariableDoesNotExist(
        "xi",
    ),
    VariableDoesNotExist(
        "xi",
    ),
    VariableDoesNotExist(
        "intOK",
    ),
    VariableDoesNotExist(
        "is.integer",
    ),
    VariableDoesNotExist(
        "x",
    ),
    VariableDoesNotExist(
        "intOK",
    ),
    VariableDoesNotExist(
        "d",
    ),
    VariableDoesNotExist(
        "d",
    ),
    VariableDoesNotExist(
        "rn",
    ),
    VariableDoesNotExist(
        "i",
    ),
    VariableDoesNotExist(
        "d",
    ),
    VariableDoesNotExist(
        "x",
    ),
    VariableDoesNotExist(
        "i",
    ),
    VariableDoesNotExist(
        "i",
    ),
    VariableDoesNotExist(
        "x",
    ),
]
